// Jest Snapshot v1, https://goo.gl/fbAQLP

exports[`<RequestReset/> renders and matches snapshot 1`] = `
<form
  className="Form-sc-1xszr8q-0 krRxky"
  method="post"
  onSubmit={[Function]}
>
  <fieldset
    aria-busy={false}
    disabled={false}
  >
    <h2>
      Request Password Reset
    </h2>
    <DisplayError
      error={Object {}}
    />
    <label
      htmlFor="email"
    >
      Email
      <input
        autoComplete="off"
        name="email"
        onChange={[Function]}
        required={true}
        type="email"
        value=""
      />
    </label>
    <button
      type="submit"
    >
      Request Reset
    </button>
  </fieldset>
</form>
`;
